số ảnh có nhãn đoán khác file dự đoán Bước 4: 0
{
 "sai": {
  "n": 34,
  "veg_area": {
   "mean": 0.38767332743282495,
   "std": 0.22337236877738784
  },
  "rollout_veg_ratio": {
   "mean": 1.053158426250269,
   "std": 0.11720496751220971
  },
  "rollout_entropy": {
   "mean": 0.9935263147359386,
   "std": 0.0021467807184736023
  },
  "gradcam_veg_ratio": {
   "mean": 1.0655462471139068,
   "std": 0.37502794165840775
  },
  "gradcam_entropy": {
   "mean": 0.8389072466399718,
   "std": 0.1216887750634521
  }
 },
 "dung": {
  "n": 394,
  "veg_area": {
   "mean": 0.5065306431444664,
   "std": 0.22755130370102106
  },
  "rollout_veg_ratio": {
   "mean": 1.0204332290741434,
   "std": 0.062040814651669045
  },
  "rollout_entropy": {
   "mean": 0.9939788273783553,
   "std": 0.001859696547117251
  },
  "gradcam_veg_ratio": {
   "mean": 1.0830505793224965,
   "std": 0.2473039781523156
  },
  "gradcam_entropy": {
   "mean": 0.8837521269462418,
   "std": 0.06550821319656137
  }
 }
}
